 gcc -g p5final.c; ./a.out
enter the size of the array:3
enter the elements of the array:
1
2
6
largest value in the array is 6 at index 2 
 gdb a.out
GNU gdb (Ubuntu 8.1.1-0ubuntu1) 8.1.1
Copyright (C) 2018 Free Software Foundation, Inc.
License GPLv3+: GNU GPL version 3 or later <http://gnu.org/licenses/gpl.html>
This is free software: you are free to change and redistribute it.
There is NO WARRANTY, to the extent permitted by law.  Type "show copying"
and "show warranty" for details.
This GDB was configured as "x86_64-linux-gnu".
Type "show configuration" for configuration details.
For bug reporting instructions, please see:
<http://www.gnu.org/software/gdb/bugs/>.
Find the GDB manual and other documentation resources online at:
<http://www.gnu.org/software/gdb/documentation/>.
For help, type "help".
Type "apropos word" to search for commands related to "word"...
Reading symbols from a.out...done.
(gdb) b main
Breakpoint 1 at 0x914: file p5final.c, line 40.
(gdb) r
Starting program: /home/runner/Test3Session2-6/a.out 
warning: Error disabling address space randomization: Operation not permitted

Breakpoint 1, main () at p5final.c:40
40  {
(gdb) n
42    n=input_size();
(gdb) n
enter the size of the array:3
43    int a[n];
(gdb) n
45    input_array(n,a);
(gdb) n
enter the elements of the array:
1
2
6
46    large=find_largest(n,a);
(gdb) n
47    out_put(n,a,large);
(gdb) n
48      return 0;
(gdb) n
49  }(gdb) c
Continuing.
largest value in the array is 6 at index 2[Inferior 1 (process 145) exited normally]
(gdb) 
